11:28:17.520 [main] INFO  testCases.TC001_AccountRegistrationTest - **** Starting TC001_AccountRegistrationTest ****
11:28:17.736 [main] INFO  testCases.TC001_AccountRegistrationTest - Clicked on MyAccount Link
11:28:18.750 [main] INFO  testCases.TC001_AccountRegistrationTest - Clicked on Register Link
11:28:18.761 [main] INFO  testCases.TC001_AccountRegistrationTest - Providing Customer Details
11:28:20.534 [main] INFO  testCases.TC001_AccountRegistrationTest - Validating Expected Message
11:28:20.569 [main] INFO  testCases.TC001_AccountRegistrationTest - **** Finished TC001_AccountRegistrationTest ****
11:47:06.958 [main] INFO  testCases.TC001_AccountRegistrationTest - **** Starting TC001_AccountRegistrationTest ****
11:47:07.193 [main] INFO  testCases.TC001_AccountRegistrationTest - Clicked on MyAccount Link
11:47:07.759 [main] INFO  testCases.TC001_AccountRegistrationTest - Clicked on Register Link
11:47:07.761 [main] INFO  testCases.TC001_AccountRegistrationTest - Providing Customer Details
11:47:09.360 [main] INFO  testCases.TC001_AccountRegistrationTest - Validating Expected Message
11:47:09.389 [main] INFO  testCases.TC001_AccountRegistrationTest - **** Finished TC001_AccountRegistrationTest ****
11:50:46.421 [TestNG-tests-2] INFO  testCases.TC001_AccountRegistrationTest - **** Starting TC001_AccountRegistrationTest ****
11:50:46.755 [TestNG-tests-2] INFO  testCases.TC001_AccountRegistrationTest - Clicked on MyAccount Link
11:50:47.359 [TestNG-tests-2] INFO  testCases.TC001_AccountRegistrationTest - Clicked on Register Link
11:50:47.368 [TestNG-tests-2] INFO  testCases.TC001_AccountRegistrationTest - Providing Customer Details
11:50:49.318 [TestNG-tests-2] INFO  testCases.TC001_AccountRegistrationTest - Validating Expected Message
11:50:49.349 [TestNG-tests-2] INFO  testCases.TC001_AccountRegistrationTest - **** Finished TC001_AccountRegistrationTest ****
11:51:07.849 [TestNG-tests-1] INFO  testCases.TC001_AccountRegistrationTest - **** Starting TC001_AccountRegistrationTest ****
11:51:07.995 [TestNG-tests-1] INFO  testCases.TC001_AccountRegistrationTest - Clicked on MyAccount Link
11:51:08.447 [TestNG-tests-1] INFO  testCases.TC001_AccountRegistrationTest - Clicked on Register Link
11:51:08.449 [TestNG-tests-1] INFO  testCases.TC001_AccountRegistrationTest - Providing Customer Details
11:51:10.151 [TestNG-tests-1] INFO  testCases.TC001_AccountRegistrationTest - Validating Expected Message
11:51:10.182 [TestNG-tests-1] INFO  testCases.TC001_AccountRegistrationTest - **** Finished TC001_AccountRegistrationTest ****
12:04:16.992 [main] INFO  testCases.TC001_AccountRegistrationTest - **** Starting TC001_AccountRegistrationTest ****
12:04:17.336 [main] INFO  testCases.TC001_AccountRegistrationTest - Clicked on MyAccount Link
12:04:17.772 [main] INFO  testCases.TC001_AccountRegistrationTest - Clicked on Register Link
12:04:17.776 [main] INFO  testCases.TC001_AccountRegistrationTest - Providing Customer Details
12:04:20.328 [main] INFO  testCases.TC001_AccountRegistrationTest - Validating Expected Message
12:04:20.360 [main] INFO  testCases.TC001_AccountRegistrationTest - **** Finished TC001_AccountRegistrationTest ****
13:49:04.612 [main] INFO  testCases.TC002_LoginTest - **** Starting TC002_LoginTest ****
13:50:45.387 [main] INFO  testCases.TC002_LoginTest - **** Starting TC002_LoginTest ****
13:52:01.691 [main] INFO  testCases.TC002_LoginTest - **** Starting TC002_LoginTest ****
13:52:04.767 [main] INFO  testCases.TC002_LoginTest - **** Finished TC002_LoginTest ****
15:45:42.100 [main] INFO  testCases.TC002_LoginTest - **** Starting TC002_LoginTest ****
15:45:45.306 [main] INFO  testCases.TC002_LoginTest - **** Finished TC002_LoginTest ****
21:22:16.463 [main] INFO  testCases.TC003_LoginDDT - **** Starting TC003_LoginDDT ****
21:22:27.166 [main] INFO  testCases.TC003_LoginDDT - **** Finished TC003_LoginDDT ****
21:22:27.172 [main] INFO  testCases.TC003_LoginDDT - **** Starting TC003_LoginDDT ****
21:22:29.867 [main] INFO  testCases.TC003_LoginDDT - **** Finished TC003_LoginDDT ****
21:22:29.872 [main] INFO  testCases.TC003_LoginDDT - **** Starting TC003_LoginDDT ****
21:22:31.962 [main] INFO  testCases.TC003_LoginDDT - **** Finished TC003_LoginDDT ****
21:22:31.965 [main] INFO  testCases.TC003_LoginDDT - **** Starting TC003_LoginDDT ****
21:22:43.344 [main] INFO  testCases.TC003_LoginDDT - **** Finished TC003_LoginDDT ****
21:22:43.346 [main] INFO  testCases.TC003_LoginDDT - **** Starting TC003_LoginDDT ****
21:25:06.189 [main] INFO  testCases.TC003_LoginDDT - **** Starting TC003_LoginDDT ****
21:25:17.694 [main] INFO  testCases.TC003_LoginDDT - **** Finished TC003_LoginDDT ****
21:25:17.699 [main] INFO  testCases.TC003_LoginDDT - **** Starting TC003_LoginDDT ****
21:25:20.573 [main] INFO  testCases.TC003_LoginDDT - **** Finished TC003_LoginDDT ****
21:25:20.574 [main] INFO  testCases.TC003_LoginDDT - **** Starting TC003_LoginDDT ****
21:25:23.191 [main] INFO  testCases.TC003_LoginDDT - **** Finished TC003_LoginDDT ****
21:25:23.195 [main] INFO  testCases.TC003_LoginDDT - **** Starting TC003_LoginDDT ****
21:25:33.814 [main] INFO  testCases.TC003_LoginDDT - **** Finished TC003_LoginDDT ****
21:25:33.821 [main] INFO  testCases.TC003_LoginDDT - **** Starting TC003_LoginDDT ****
21:27:16.525 [main] INFO  testCases.TC003_LoginDDT - **** Starting TC003_LoginDDT ****
21:27:27.253 [main] INFO  testCases.TC003_LoginDDT - **** Finished TC003_LoginDDT ****
21:27:27.258 [main] INFO  testCases.TC003_LoginDDT - **** Starting TC003_LoginDDT ****
21:27:30.316 [main] INFO  testCases.TC003_LoginDDT - **** Finished TC003_LoginDDT ****
21:27:30.318 [main] INFO  testCases.TC003_LoginDDT - **** Starting TC003_LoginDDT ****
21:27:32.907 [main] INFO  testCases.TC003_LoginDDT - **** Finished TC003_LoginDDT ****
21:27:32.908 [main] INFO  testCases.TC003_LoginDDT - **** Starting TC003_LoginDDT ****
21:29:17.348 [main] INFO  testCases.TC003_LoginDDT - **** Starting TC003_LoginDDT ****
21:29:29.195 [main] INFO  testCases.TC003_LoginDDT - **** Finished TC003_LoginDDT ****
21:29:29.204 [main] INFO  testCases.TC003_LoginDDT - **** Starting TC003_LoginDDT ****
21:29:31.694 [main] INFO  testCases.TC003_LoginDDT - **** Finished TC003_LoginDDT ****
21:29:31.697 [main] INFO  testCases.TC003_LoginDDT - **** Starting TC003_LoginDDT ****
21:29:34.237 [main] INFO  testCases.TC003_LoginDDT - **** Finished TC003_LoginDDT ****
21:29:34.241 [main] INFO  testCases.TC003_LoginDDT - **** Starting TC003_LoginDDT ****
21:29:45.002 [main] INFO  testCases.TC003_LoginDDT - **** Finished TC003_LoginDDT ****
21:29:45.008 [main] INFO  testCases.TC003_LoginDDT - **** Starting TC003_LoginDDT ****
21:31:13.338 [main] INFO  testCases.TC003_LoginDDT - **** Starting TC003_LoginDDT ****
21:31:25.474 [main] INFO  testCases.TC003_LoginDDT - **** Finished TC003_LoginDDT ****
21:31:25.479 [main] INFO  testCases.TC003_LoginDDT - **** Starting TC003_LoginDDT ****
21:31:27.717 [main] INFO  testCases.TC003_LoginDDT - **** Finished TC003_LoginDDT ****
21:31:27.718 [main] INFO  testCases.TC003_LoginDDT - **** Starting TC003_LoginDDT ****
21:31:29.786 [main] INFO  testCases.TC003_LoginDDT - **** Finished TC003_LoginDDT ****
21:31:29.788 [main] INFO  testCases.TC003_LoginDDT - **** Starting TC003_LoginDDT ****
21:31:32.019 [main] INFO  testCases.TC003_LoginDDT - **** Starting TC003_LoginDDT ****
21:32:18.749 [main] INFO  testCases.TC003_LoginDDT - **** Starting TC003_LoginDDT ****
21:32:29.500 [main] INFO  testCases.TC003_LoginDDT - **** Finished TC003_LoginDDT ****
21:32:29.505 [main] INFO  testCases.TC003_LoginDDT - **** Starting TC003_LoginDDT ****
21:32:31.883 [main] INFO  testCases.TC003_LoginDDT - **** Finished TC003_LoginDDT ****
21:32:31.891 [main] INFO  testCases.TC003_LoginDDT - **** Starting TC003_LoginDDT ****
21:32:33.942 [main] INFO  testCases.TC003_LoginDDT - **** Finished TC003_LoginDDT ****
21:32:33.944 [main] INFO  testCases.TC003_LoginDDT - **** Starting TC003_LoginDDT ****
21:32:35.936 [main] INFO  testCases.TC003_LoginDDT - **** Starting TC003_LoginDDT ****
21:34:04.417 [main] INFO  testCases.TC003_LoginDDT - **** Starting TC003_LoginDDT ****
21:34:15.334 [main] INFO  testCases.TC003_LoginDDT - **** Finished TC003_LoginDDT ****
21:34:15.337 [main] INFO  testCases.TC003_LoginDDT - **** Starting TC003_LoginDDT ****
21:34:17.381 [main] INFO  testCases.TC003_LoginDDT - **** Finished TC003_LoginDDT ****
21:34:17.386 [main] INFO  testCases.TC003_LoginDDT - **** Starting TC003_LoginDDT ****
21:34:19.531 [main] INFO  testCases.TC003_LoginDDT - **** Finished TC003_LoginDDT ****
21:34:19.533 [main] INFO  testCases.TC003_LoginDDT - **** Starting TC003_LoginDDT ****
21:34:21.728 [main] INFO  testCases.TC003_LoginDDT - **** Starting TC003_LoginDDT ****
21:34:32.576 [main] INFO  testCases.TC003_LoginDDT - **** Starting TC003_LoginDDT ****
21:34:43.169 [main] INFO  testCases.TC003_LoginDDT - **** Finished TC003_LoginDDT ****
21:34:43.170 [main] INFO  testCases.TC003_LoginDDT - **** Starting TC003_LoginDDT ****
21:34:53.862 [main] INFO  testCases.TC003_LoginDDT - **** Starting TC003_LoginDDT ****
21:35:04.882 [main] INFO  testCases.TC003_LoginDDT - **** Starting TC003_LoginDDT ****
21:35:15.672 [main] INFO  testCases.TC003_LoginDDT - **** Finished TC003_LoginDDT ****
21:35:15.674 [main] INFO  testCases.TC003_LoginDDT - **** Starting TC003_LoginDDT ****
21:40:46.484 [main] INFO  testCases.TC003_LoginDDT - **** Starting TC003_LoginDDT ****
21:40:58.466 [main] INFO  testCases.TC003_LoginDDT - **** Finished TC003_LoginDDT ****
21:40:58.471 [main] INFO  testCases.TC003_LoginDDT - **** Starting TC003_LoginDDT ****
21:41:00.613 [main] INFO  testCases.TC003_LoginDDT - **** Finished TC003_LoginDDT ****
21:41:00.618 [main] INFO  testCases.TC003_LoginDDT - **** Starting TC003_LoginDDT ****
21:41:03.008 [main] INFO  testCases.TC003_LoginDDT - **** Finished TC003_LoginDDT ****
21:41:03.012 [main] INFO  testCases.TC003_LoginDDT - **** Starting TC003_LoginDDT ****
21:41:05.102 [main] INFO  testCases.TC003_LoginDDT - **** Starting TC003_LoginDDT ****
21:41:15.714 [main] INFO  testCases.TC003_LoginDDT - **** Starting TC003_LoginDDT ****
21:41:26.884 [main] INFO  testCases.TC003_LoginDDT - **** Finished TC003_LoginDDT ****
21:41:26.886 [main] INFO  testCases.TC003_LoginDDT - **** Starting TC003_LoginDDT ****
21:41:37.396 [main] INFO  testCases.TC003_LoginDDT - **** Starting TC003_LoginDDT ****
21:41:47.935 [main] INFO  testCases.TC003_LoginDDT - **** Starting TC003_LoginDDT ****
21:41:58.477 [main] INFO  testCases.TC003_LoginDDT - **** Finished TC003_LoginDDT ****
21:41:58.479 [main] INFO  testCases.TC003_LoginDDT - **** Starting TC003_LoginDDT ****
09:32:06.201 [main] INFO  testCases.TC001_AccountRegistrationTest - **** Starting TC001_AccountRegistrationTest ****
09:32:06.498 [main] INFO  testCases.TC001_AccountRegistrationTest - Clicked on MyAccount Link
09:32:08.327 [main] INFO  testCases.TC001_AccountRegistrationTest - Clicked on Register Link
09:32:08.330 [main] INFO  testCases.TC001_AccountRegistrationTest - Providing Customer Details
09:32:10.565 [main] INFO  testCases.TC001_AccountRegistrationTest - Validating Expected Message
09:32:10.622 [main] INFO  testCases.TC001_AccountRegistrationTest - **** Finished TC001_AccountRegistrationTest ****
09:32:14.642 [main] INFO  testCases.TC002_LoginTest - **** Starting TC002_LoginTest ****
09:32:18.482 [main] INFO  testCases.TC002_LoginTest - **** Finished TC002_LoginTest ****
11:49:56.031 [main] INFO  testCases.TC001_AccountRegistrationTest - **** Starting TC001_AccountRegistrationTest ****
11:49:56.966 [main] INFO  testCases.TC001_AccountRegistrationTest - Clicked on MyAccount Link
11:49:57.924 [main] INFO  testCases.TC001_AccountRegistrationTest - Clicked on Register Link
11:49:57.942 [main] INFO  testCases.TC001_AccountRegistrationTest - Providing Customer Details
11:49:59.478 [main] INFO  testCases.TC001_AccountRegistrationTest - Validating Expected Message
11:50:00.539 [main] INFO  testCases.TC001_AccountRegistrationTest - **** Finished TC001_AccountRegistrationTest ****
11:50:06.907 [main] INFO  testCases.TC002_LoginTest - **** Starting TC002_LoginTest ****
11:50:11.574 [main] INFO  testCases.TC002_LoginTest - **** Finished TC002_LoginTest ****
11:52:42.753 [main] INFO  testCases.TC001_AccountRegistrationTest - **** Starting TC001_AccountRegistrationTest ****
11:52:43.067 [main] INFO  testCases.TC001_AccountRegistrationTest - Clicked on MyAccount Link
11:52:44.030 [main] INFO  testCases.TC001_AccountRegistrationTest - Clicked on Register Link
11:52:44.037 [main] INFO  testCases.TC001_AccountRegistrationTest - Providing Customer Details
11:52:46.317 [main] INFO  testCases.TC001_AccountRegistrationTest - Validating Expected Message
11:52:46.381 [main] INFO  testCases.TC001_AccountRegistrationTest - **** Finished TC001_AccountRegistrationTest ****
11:53:11.497 [main] INFO  testCases.TC002_LoginTest - **** Starting TC002_LoginTest ****
11:55:58.786 [main] INFO  testCases.TC001_AccountRegistrationTest - **** Starting TC001_AccountRegistrationTest ****
11:55:59.136 [main] INFO  testCases.TC001_AccountRegistrationTest - Clicked on MyAccount Link
11:56:00.419 [main] INFO  testCases.TC001_AccountRegistrationTest - Clicked on Register Link
11:56:00.435 [main] INFO  testCases.TC001_AccountRegistrationTest - Providing Customer Details
11:56:03.875 [main] INFO  testCases.TC001_AccountRegistrationTest - Validating Expected Message
11:56:03.980 [main] INFO  testCases.TC001_AccountRegistrationTest - **** Finished TC001_AccountRegistrationTest ****
11:57:38.076 [main] INFO  testCases.TC002_LoginTest - **** Starting TC002_LoginTest ****
11:58:12.427 [main] INFO  testCases.TC001_AccountRegistrationTest - **** Starting TC001_AccountRegistrationTest ****
11:58:12.763 [main] INFO  testCases.TC001_AccountRegistrationTest - Clicked on MyAccount Link
11:58:13.329 [main] INFO  testCases.TC001_AccountRegistrationTest - Clicked on Register Link
11:58:13.332 [main] INFO  testCases.TC001_AccountRegistrationTest - Providing Customer Details
11:58:15.300 [main] INFO  testCases.TC001_AccountRegistrationTest - Validating Expected Message
11:58:15.349 [main] INFO  testCases.TC001_AccountRegistrationTest - **** Finished TC001_AccountRegistrationTest ****
11:58:18.235 [main] INFO  testCases.TC002_LoginTest - **** Starting TC002_LoginTest ****
12:07:31.355 [main] INFO  testCases.TC001_AccountRegistrationTest - **** Starting TC001_AccountRegistrationTest ****
12:07:31.693 [main] INFO  testCases.TC001_AccountRegistrationTest - Clicked on MyAccount Link
12:07:32.510 [main] INFO  testCases.TC001_AccountRegistrationTest - Clicked on Register Link
12:07:32.526 [main] INFO  testCases.TC001_AccountRegistrationTest - Providing Customer Details
12:07:34.542 [main] INFO  testCases.TC001_AccountRegistrationTest - Validating Expected Message
12:07:34.598 [main] INFO  testCases.TC001_AccountRegistrationTest - **** Finished TC001_AccountRegistrationTest ****
12:07:38.615 [main] INFO  testCases.TC002_LoginTest - **** Starting TC002_LoginTest ****
13:05:09.844 [main] INFO  testCases.TC002_LoginTest - **** Starting TC002_LoginTest ****
13:05:14.735 [main] INFO  testCases.TC002_LoginTest - **** Finished TC002_LoginTest ****
13:07:24.955 [main] INFO  testCases.TC001_AccountRegistrationTest - **** Starting TC001_AccountRegistrationTest ****
13:07:25.210 [main] INFO  testCases.TC001_AccountRegistrationTest - Clicked on MyAccount Link
13:07:25.901 [main] INFO  testCases.TC001_AccountRegistrationTest - Clicked on Register Link
13:07:25.915 [main] INFO  testCases.TC001_AccountRegistrationTest - Providing Customer Details
13:07:28.178 [main] INFO  testCases.TC001_AccountRegistrationTest - Validating Expected Message
13:07:28.229 [main] ERROR testCases.TC001_AccountRegistrationTest - Test Failed
13:07:32.235 [main] INFO  testCases.TC002_LoginTest - **** Starting TC002_LoginTest ****
13:07:35.682 [main] INFO  testCases.TC002_LoginTest - **** Finished TC002_LoginTest ****
13:09:22.516 [main] INFO  testCases.TC001_AccountRegistrationTest - **** Starting TC001_AccountRegistrationTest ****
13:09:22.816 [main] INFO  testCases.TC001_AccountRegistrationTest - Clicked on MyAccount Link
13:09:23.469 [main] INFO  testCases.TC001_AccountRegistrationTest - Clicked on Register Link
13:09:23.479 [main] INFO  testCases.TC001_AccountRegistrationTest - Providing Customer Details
13:09:25.963 [main] INFO  testCases.TC001_AccountRegistrationTest - Validating Expected Message
13:09:26.019 [main] INFO  testCases.TC001_AccountRegistrationTest - **** Finished TC001_AccountRegistrationTest ****
15:51:35.211 [main] INFO  testCases.TC001_AccountRegistrationTest - **** Starting TC001_AccountRegistrationTest ****
15:51:35.881 [main] INFO  testCases.TC001_AccountRegistrationTest - Clicked on MyAccount Link
15:51:36.471 [main] INFO  testCases.TC001_AccountRegistrationTest - Clicked on Register Link
15:51:36.480 [main] INFO  testCases.TC001_AccountRegistrationTest - Providing Customer Details
15:51:39.283 [main] INFO  testCases.TC001_AccountRegistrationTest - Validating Expected Message
15:51:39.345 [main] INFO  testCases.TC001_AccountRegistrationTest - **** Finished TC001_AccountRegistrationTest ****
15:51:42.671 [main] INFO  testCases.TC002_LoginTest - **** Starting TC002_LoginTest ****
15:51:45.588 [main] INFO  testCases.TC002_LoginTest - **** Finished TC002_LoginTest ****
15:52:10.876 [main] INFO  testCases.TC001_AccountRegistrationTest - **** Starting TC001_AccountRegistrationTest ****
15:52:11.481 [main] INFO  testCases.TC001_AccountRegistrationTest - Clicked on MyAccount Link
15:52:12.041 [main] INFO  testCases.TC001_AccountRegistrationTest - Clicked on Register Link
15:52:12.048 [main] INFO  testCases.TC001_AccountRegistrationTest - Providing Customer Details
15:52:14.535 [main] INFO  testCases.TC001_AccountRegistrationTest - Validating Expected Message
15:52:14.630 [main] INFO  testCases.TC001_AccountRegistrationTest - **** Finished TC001_AccountRegistrationTest ****
15:52:17.543 [main] INFO  testCases.TC002_LoginTest - **** Starting TC002_LoginTest ****
15:52:20.308 [main] INFO  testCases.TC002_LoginTest - **** Finished TC002_LoginTest ****
15:53:41.496 [main] INFO  testCases.TC001_AccountRegistrationTest - **** Starting TC001_AccountRegistrationTest ****
15:53:42.032 [main] INFO  testCases.TC001_AccountRegistrationTest - Clicked on MyAccount Link
15:53:43.161 [main] INFO  testCases.TC001_AccountRegistrationTest - Clicked on Register Link
15:53:43.167 [main] INFO  testCases.TC001_AccountRegistrationTest - Providing Customer Details
15:53:46.582 [main] INFO  testCases.TC001_AccountRegistrationTest - Validating Expected Message
15:53:46.717 [main] INFO  testCases.TC001_AccountRegistrationTest - **** Finished TC001_AccountRegistrationTest ****
15:53:49.920 [main] INFO  testCases.TC002_LoginTest - **** Starting TC002_LoginTest ****
15:53:52.921 [main] INFO  testCases.TC002_LoginTest - **** Finished TC002_LoginTest ****
15:56:18.108 [TestNG-tests-2] INFO  testCases.TC001_AccountRegistrationTest - **** Starting TC001_AccountRegistrationTest ****
15:56:18.108 [TestNG-tests-1] INFO  testCases.TC001_AccountRegistrationTest - **** Starting TC001_AccountRegistrationTest ****
15:56:18.408 [TestNG-tests-2] INFO  testCases.TC001_AccountRegistrationTest - Clicked on MyAccount Link
15:56:18.551 [TestNG-tests-1] INFO  testCases.TC001_AccountRegistrationTest - Clicked on MyAccount Link
15:59:10.273 [TestNG-tests-1] INFO  testCases.TC001_AccountRegistrationTest - **** Starting TC001_AccountRegistrationTest ****
15:59:10.273 [TestNG-tests-2] INFO  testCases.TC001_AccountRegistrationTest - **** Starting TC001_AccountRegistrationTest ****
15:59:10.650 [TestNG-tests-1] INFO  testCases.TC001_AccountRegistrationTest - Clicked on MyAccount Link
15:59:10.809 [TestNG-tests-2] INFO  testCases.TC001_AccountRegistrationTest - Clicked on MyAccount Link
20:46:35.595 [main] INFO  testCases.TC001_AccountRegistrationTest - **** Starting TC001_AccountRegistrationTest ****
20:54:17.761 [main] INFO  testCases.TC001_AccountRegistrationTest - **** Starting TC001_AccountRegistrationTest ****
20:54:18.141 [main] INFO  testCases.TC001_AccountRegistrationTest - Clicked on MyAccount Link
20:54:19.125 [main] INFO  testCases.TC001_AccountRegistrationTest - Clicked on Register Link
20:54:19.134 [main] INFO  testCases.TC001_AccountRegistrationTest - Providing Customer Details
20:54:22.321 [main] INFO  testCases.TC001_AccountRegistrationTest - Validating Expected Message
20:54:22.402 [main] INFO  testCases.TC001_AccountRegistrationTest - **** Finished TC001_AccountRegistrationTest ****
20:54:26.234 [main] INFO  testCases.TC002_LoginTest - **** Starting TC002_LoginTest ****
20:54:29.033 [main] INFO  testCases.TC002_LoginTest - **** Finished TC002_LoginTest ****
20:56:19.550 [main] INFO  testCases.TC001_AccountRegistrationTest - **** Starting TC001_AccountRegistrationTest ****
20:56:20.295 [main] INFO  testCases.TC001_AccountRegistrationTest - Clicked on MyAccount Link
20:56:21.628 [main] INFO  testCases.TC001_AccountRegistrationTest - Clicked on Register Link
20:56:21.631 [main] INFO  testCases.TC001_AccountRegistrationTest - Providing Customer Details
20:56:24.430 [main] INFO  testCases.TC001_AccountRegistrationTest - Validating Expected Message
20:56:24.667 [main] INFO  testCases.TC001_AccountRegistrationTest - **** Finished TC001_AccountRegistrationTest ****
20:56:32.478 [main] INFO  testCases.TC002_LoginTest - **** Starting TC002_LoginTest ****
20:56:36.836 [main] INFO  testCases.TC002_LoginTest - **** Finished TC002_LoginTest ****
20:58:12.302 [main] INFO  testCases.TC001_AccountRegistrationTest - **** Starting TC001_AccountRegistrationTest ****
21:03:29.736 [main] INFO  testCases.TC001_AccountRegistrationTest - **** Starting TC001_AccountRegistrationTest ****
21:03:30.440 [main] INFO  testCases.TC001_AccountRegistrationTest - Clicked on MyAccount Link
21:03:31.715 [main] INFO  testCases.TC001_AccountRegistrationTest - Clicked on Register Link
21:03:31.718 [main] INFO  testCases.TC001_AccountRegistrationTest - Providing Customer Details
21:03:34.764 [main] INFO  testCases.TC001_AccountRegistrationTest - Validating Expected Message
21:03:34.819 [main] INFO  testCases.TC001_AccountRegistrationTest - **** Finished TC001_AccountRegistrationTest ****
21:15:52.627 [main] INFO  testCases.TC001_AccountRegistrationTest - **** Starting TC001_AccountRegistrationTest ****
21:23:21.132 [main] INFO  testCases.TC001_AccountRegistrationTest - **** Starting TC001_AccountRegistrationTest ****
21:29:17.473 [main] INFO  testCases.TC001_AccountRegistrationTest - **** Starting TC001_AccountRegistrationTest ****
21:29:17.692 [main] INFO  testCases.TC001_AccountRegistrationTest - Clicked on MyAccount Link
21:29:18.763 [main] INFO  testCases.TC001_AccountRegistrationTest - Clicked on Register Link
21:29:18.766 [main] INFO  testCases.TC001_AccountRegistrationTest - Providing Customer Details
21:29:20.857 [main] INFO  testCases.TC001_AccountRegistrationTest - Validating Expected Message
21:29:20.912 [main] INFO  testCases.TC001_AccountRegistrationTest - **** Finished TC001_AccountRegistrationTest ****
21:29:28.016 [main] INFO  testCases.TC002_LoginTest - **** Starting TC002_LoginTest ****
21:29:31.243 [main] INFO  testCases.TC002_LoginTest - **** Finished TC002_LoginTest ****
21:30:39.909 [main] INFO  testCases.TC001_AccountRegistrationTest - **** Starting TC001_AccountRegistrationTest ****
21:31:47.416 [main] INFO  testCases.TC001_AccountRegistrationTest - **** Starting TC001_AccountRegistrationTest ****
22:00:16.211 [main] INFO  testCases.TC001_AccountRegistrationTest - **** Starting TC001_AccountRegistrationTest ****
22:00:16.713 [main] INFO  testCases.TC001_AccountRegistrationTest - Clicked on MyAccount Link
22:00:17.970 [main] INFO  testCases.TC001_AccountRegistrationTest - Clicked on Register Link
22:00:17.976 [main] INFO  testCases.TC001_AccountRegistrationTest - Providing Customer Details
22:00:20.689 [main] INFO  testCases.TC001_AccountRegistrationTest - Validating Expected Message
22:00:20.754 [main] INFO  testCases.TC001_AccountRegistrationTest - **** Finished TC001_AccountRegistrationTest ****
08:59:45.830 [main] INFO  testCases.TC001_AccountRegistrationTest - **** Starting TC001_AccountRegistrationTest ****
08:59:46.555 [main] INFO  testCases.TC001_AccountRegistrationTest - Clicked on MyAccount Link
08:59:47.368 [main] INFO  testCases.TC001_AccountRegistrationTest - Clicked on Register Link
08:59:47.372 [main] INFO  testCases.TC001_AccountRegistrationTest - Providing Customer Details
08:59:50.758 [main] INFO  testCases.TC001_AccountRegistrationTest - Validating Expected Message
08:59:50.814 [main] INFO  testCases.TC001_AccountRegistrationTest - **** Finished TC001_AccountRegistrationTest ****
09:00:18.263 [main] INFO  testCases.TC002_LoginTest - **** Starting TC002_LoginTest ****
09:00:21.319 [main] INFO  testCases.TC002_LoginTest - **** Finished TC002_LoginTest ****
09:01:02.886 [main] INFO  testCases.TC001_AccountRegistrationTest - **** Starting TC001_AccountRegistrationTest ****
09:01:03.842 [main] INFO  testCases.TC001_AccountRegistrationTest - Clicked on MyAccount Link
09:01:04.526 [main] INFO  testCases.TC001_AccountRegistrationTest - Clicked on Register Link
09:01:04.541 [main] INFO  testCases.TC001_AccountRegistrationTest - Providing Customer Details
09:01:06.800 [main] INFO  testCases.TC001_AccountRegistrationTest - Validating Expected Message
09:01:06.869 [main] INFO  testCases.TC001_AccountRegistrationTest - **** Finished TC001_AccountRegistrationTest ****
09:01:09.934 [main] INFO  testCases.TC002_LoginTest - **** Starting TC002_LoginTest ****
09:01:12.870 [main] INFO  testCases.TC002_LoginTest - **** Finished TC002_LoginTest ****
09:01:45.755 [main] INFO  testCases.TC001_AccountRegistrationTest - **** Starting TC001_AccountRegistrationTest ****
09:01:46.007 [main] INFO  testCases.TC001_AccountRegistrationTest - Clicked on MyAccount Link
09:01:47.133 [main] INFO  testCases.TC001_AccountRegistrationTest - Clicked on Register Link
09:01:47.141 [main] INFO  testCases.TC001_AccountRegistrationTest - Providing Customer Details
09:01:49.488 [main] INFO  testCases.TC001_AccountRegistrationTest - Validating Expected Message
09:01:49.548 [main] INFO  testCases.TC001_AccountRegistrationTest - **** Finished TC001_AccountRegistrationTest ****
09:01:56.099 [main] INFO  testCases.TC002_LoginTest - **** Starting TC002_LoginTest ****
09:01:58.696 [main] INFO  testCases.TC002_LoginTest - **** Finished TC002_LoginTest ****
09:03:08.983 [main] INFO  testCases.TC001_AccountRegistrationTest - **** Starting TC001_AccountRegistrationTest ****
09:03:09.418 [main] INFO  testCases.TC001_AccountRegistrationTest - Clicked on MyAccount Link
09:03:09.938 [main] INFO  testCases.TC001_AccountRegistrationTest - Clicked on Register Link
09:03:09.945 [main] INFO  testCases.TC001_AccountRegistrationTest - Providing Customer Details
09:03:12.210 [main] INFO  testCases.TC001_AccountRegistrationTest - Validating Expected Message
09:03:12.265 [main] INFO  testCases.TC001_AccountRegistrationTest - **** Finished TC001_AccountRegistrationTest ****
09:03:15.296 [main] INFO  testCases.TC002_LoginTest - **** Starting TC002_LoginTest ****
09:03:18.271 [main] INFO  testCases.TC002_LoginTest - **** Finished TC002_LoginTest ****
09:04:47.918 [main] INFO  testCases.TC002_LoginTest - **** Starting TC002_LoginTest ****
09:04:52.313 [main] INFO  testCases.TC002_LoginTest - **** Finished TC002_LoginTest ****
09:27:57.801 [main] INFO  testCases.TC002_LoginTest - **** Starting TC002_LoginTest ****
09:28:02.002 [main] INFO  testCases.TC002_LoginTest - **** Finished TC002_LoginTest ****
09:34:47.896 [main] INFO  testCases.TC002_LoginTest - **** Starting TC002_LoginTest ****
09:34:51.294 [main] INFO  testCases.TC002_LoginTest - **** Finished TC002_LoginTest ****
